// Jest Snapshot v1, https://goo.gl/fbAQLP

exports[`Tests SortingSection container Matching snapshot 1`] = `
<div
  className="sorting-section"
>
  <MoviesFound />
  <SortBy />
</div>
`;
