// Jest Snapshot v1, https://goo.gl/fbAQLP

exports[`Tests Footer container Matching snapshot 1`] = `
<div
  className="footer"
>
  <div
    className="footer-wrapper"
  >
    <Netflix />
  </div>
</div>
`;
