// Jest Snapshot v1, https://goo.gl/fbAQLP

exports[`Tests Netflix component Matching snapshot 1`] = `
<p
  className="netflix"
>
  netflixroulette
</p>
`;
