// Jest Snapshot v1, https://goo.gl/fbAQLP

exports[`Tests SearchInput component Matching snapshot 1`] = `
<div>
  <input
    className="inputClass"
  />
</div>
`;
