// Jest Snapshot v1, https://goo.gl/fbAQLP

exports[`Tests Cards container Matching snapshot 1`] = `
<div
  className="card-wrapper"
/>
`;
